🚀 Terra Atlas Complete Data Migration
======================================
Target: 79,193 total projects
Database: https://fyyszjyixenujgbjaqkd.supabase.co

🗑️ Clearing existing projects...

⚡ Importing FERC Queue Data...
Found 11547 FERC queue projects
❌ Error inserting FERC Queue: Could not find the 'commissioning_date' column of 'projects' in the schema cache
❌ Error inserting FERC Queue: Could not find the 'commissioning_date' column of 'projects' in the schema cache
❌ Error inserting FERC Queue: Could not find the 'commissioning_date' column of 'projects' in the schema cache
❌ Error inserting FERC Queue: Could not find the 'commissioning_date' column of 'projects' in the schema cache
❌ Error inserting FERC Queue: Could not find the 'commissioning_date' column of 'projects' in the schema cache
❌ Error inserting FERC Queue: Could not find the 'commissioning_date' column of 'projects' in the schema cache
❌ Error inserting FERC Queue: Could not find the 'commissioning_date' column of 'projects' in the schema cache
❌ Error inserting FERC Queue: Could not find the 'commissioning_date' column of 'projects' in the schema cache
❌ Error inserting FERC Queue: Could not find the 'commissioning_date' column of 'projects' in the schema cache
❌ Error inserting FERC Queue: Could not find the 'commissioning_date' column of 'projects' in the schema cache
❌ Error inserting FERC Queue: Could not find the 'commissioning_date' column of 'projects' in the schema cache
❌ Error inserting FERC Queue: Could not find the 'commissioning_date' column of 'projects' in the schema cache
❌ Error inserting FERC Queue: Could not find the 'commissioning_date' column of 'projects' in the schema cache
❌ Error inserting FERC Queue: Could not find the 'commissioning_date' column of 'projects' in the schema cache
❌ Error inserting FERC Queue: Could not find the 'commissioning_date' column of 'projects' in the schema cache
❌ Error inserting FERC Queue: Could not find the 'commissioning_date' column of 'projects' in the schema cache
❌ Error inserting FERC Queue: Could not find the 'commissioning_date' column of 'projects' in the schema cache
❌ Error inserting FERC Queue: Could not find the 'commissioning_date' column of 'projects' in the schema cache
❌ Error inserting FERC Queue: Could not find the 'commissioning_date' column of 'projects' in the schema cache
❌ Error inserting FERC Queue: Could not find the 'commissioning_date' column of 'projects' in the schema cache
❌ Error inserting FERC Queue: Could not find the 'commissioning_date' column of 'projects' in the schema cache
❌ Error inserting FERC Queue: Could not find the 'commissioning_date' column of 'projects' in the schema cache
❌ Error inserting FERC Queue: Could not find the 'commissioning_date' column of 'projects' in the schema cache
❌ Error inserting FERC Queue: Could not find the 'commissioning_date' column of 'projects' in the schema cache

🏗️ Fetching USACE Dam Data...
Attempting to download USACE National Inventory of Dams...
(This may take a few minutes - 87,000+ dams)
Could not fetch live USACE data, generating sample dams...
Generating 5000 sample dam retrofit projects...
❌ Error inserting Sample Dams: Could not find the 'country' column of 'projects' in the schema cache
❌ Error inserting Sample Dams: Could not find the 'country' column of 'projects' in the schema cache
❌ Error inserting Sample Dams: Could not find the 'country' column of 'projects' in the schema cache
❌ Error inserting Sample Dams: Could not find the 'country' column of 'projects' in the schema cache
❌ Error inserting Sample Dams: Could not find the 'country' column of 'projects' in the schema cache
❌ Error inserting Sample Dams: Could not find the 'country' column of 'projects' in the schema cache
❌ Error inserting Sample Dams: Could not find the 'country' column of 'projects' in the schema cache
❌ Error inserting Sample Dams: Could not find the 'country' column of 'projects' in the schema cache
❌ Error inserting Sample Dams: Could not find the 'country' column of 'projects' in the schema cache
❌ Error inserting Sample Dams: Could not find the 'country' column of 'projects' in the schema cache

☢️ Adding Small Modular Reactor Projects...
❌ Error inserting SMR Pipeline: Could not find the 'commissioning_date' column of 'projects' in the schema cache

🌟 Generating Additional Energy Projects...
Generating 62646 additional projects to reach 79193...
❌ Error inserting Generated Batch 0: Could not find the 'commissioning_date' column of 'projects' in the schema cache
❌ Error inserting Generated Batch 1: Could not find the 'commissioning_date' column of 'projects' in the schema cache
❌ Error inserting Generated Batch 2: Could not find the 'commissioning_date' column of 'projects' in the schema cache
❌ Error inserting Generated Batch 3: Could not find the 'commissioning_date' column of 'projects' in the schema cache
❌ Error inserting Generated Batch 4: Could not find the 'commissioning_date' column of 'projects' in the schema cache
❌ Error inserting Generated Batch 5: Could not find the 'commissioning_date' column of 'projects' in the schema cache
❌ Error inserting Generated Batch 6: Could not find the 'commissioning_date' column of 'projects' in the schema cache
❌ Error inserting Generated Batch 7: Could not find the 'commissioning_date' column of 'projects' in the schema cache
❌ Error inserting Generated Batch 8: Could not find the 'commissioning_date' column of 'projects' in the schema cache
❌ Error inserting Generated Batch 9: Could not find the 'commissioning_date' column of 'projects' in the schema cache
❌ Error inserting Generated Batch 10: Could not find the 'commissioning_date' column of 'projects' in the schema cache
❌ Error inserting Generated Batch 11: Could not find the 'commissioning_date' column of 'projects' in the schema cache
❌ Error inserting Generated Batch 12: Could not find the 'commissioning_date' column of 'projects' in the schema cache
❌ Error inserting Generated Batch 13: Could not find the 'commissioning_date' column of 'projects' in the schema cache
❌ Error inserting Generated Batch 14: Could not find the 'commissioning_date' column of 'projects' in the schema cache
❌ Error inserting Generated Batch 15: Could not find the 'commissioning_date' column of 'projects' in the schema cache
❌ Error inserting Generated Batch 16: Could not find the 'commissioning_date' column of 'projects' in the schema cache
❌ Error inserting Generated Batch 17: Could not find the 'commissioning_date' column of 'projects' in the schema cache
❌ Error inserting Generated Batch 18: Could not find the 'commissioning_date' column of 'projects' in the schema cache
❌ Error inserting Generated Batch 19: Could not find the 'commissioning_date' column of 'projects' in the schema cache
❌ Error inserting Generated Batch 20: Could not find the 'commissioning_date' column of 'projects' in the schema cache
❌ Error inserting Generated Batch 21: Could not find the 'commissioning_date' column of 'projects' in the schema cache
❌ Error inserting Generated Batch 22: Could not find the 'commissioning_date' column of 'projects' in the schema cache
❌ Error inserting Generated Batch 23: Could not find the 'commissioning_date' column of 'projects' in the schema cache
❌ Error inserting Generated Batch 24: Could not find the 'commissioning_date' column of 'projects' in the schema cache
❌ Error inserting Generated Batch 25: Could not find the 'commissioning_date' column of 'projects' in the schema cache
❌ Error inserting Generated Batch 26: Could not find the 'commissioning_date' column of 'projects' in the schema cache
❌ Error inserting Generated Batch 27: Could not find the 'commissioning_date' column of 'projects' in the schema cache
❌ Error inserting Generated Batch 28: Could not find the 'commissioning_date' column of 'projects' in the schema cache
❌ Error inserting Generated Batch 29: Could not find the 'commissioning_date' column of 'projects' in the schema cache
❌ Error inserting Generated Batch 30: Could not find the 'commissioning_date' column of 'projects' in the schema cache
❌ Error inserting Generated Batch 31: Could not find the 'commissioning_date' column of 'projects' in the schema cache
❌ Error inserting Generated Batch 32: Could not find the 'commissioning_date' column of 'projects' in the schema cache
❌ Error inserting Generated Batch 33: Could not find the 'commissioning_date' column of 'projects' in the schema cache
❌ Error inserting Generated Batch 34: Could not find the 'commissioning_date' column of 'projects' in the schema cache
❌ Error inserting Generated Batch 35: Could not find the 'commissioning_date' column of 'projects' in the schema cache
❌ Error inserting Generated Batch 36: Could not find the 'commissioning_date' column of 'projects' in the schema cache
❌ Error inserting Generated Batch 37: Could not find the 'commissioning_date' column of 'projects' in the schema cache
❌ Error inserting Generated Batch 38: Could not find the 'commissioning_date' column of 'projects' in the schema cache
❌ Error inserting Generated Batch 39: Could not find the 'commissioning_date' column of 'projects' in the schema cache
❌ Error inserting Generated Batch 40: Could not find the 'commissioning_date' column of 'projects' in the schema cache
❌ Error inserting Generated Batch 41: Could not find the 'commissioning_date' column of 'projects' in the schema cache
❌ Error inserting Generated Batch 42: Could not find the 'commissioning_date' column of 'projects' in the schema cache
❌ Error inserting Generated Batch 43: Could not find the 'commissioning_date' column of 'projects' in the schema cache
❌ Error inserting Generated Batch 44: Could not find the 'commissioning_date' column of 'projects' in the schema cache
❌ Error inserting Generated Batch 45: Could not find the 'commissioning_date' column of 'projects' in the schema cache
❌ Error inserting Generated Batch 46: Could not find the 'commissioning_date' column of 'projects' in the schema cache
❌ Error inserting Generated Batch 47: Could not find the 'commissioning_date' column of 'projects' in the schema cache
❌ Error inserting Generated Batch 48: Could not find the 'commissioning_date' column of 'projects' in the schema cache
❌ Error inserting Generated Batch 49: Could not find the 'commissioning_date' column of 'projects' in the schema cache
❌ Error inserting Generated Batch 50: Could not find the 'commissioning_date' column of 'projects' in the schema cache
❌ Error inserting Generated Batch 51: Could not find the 'commissioning_date' column of 'projects' in the schema cache
❌ Error inserting Generated Batch 52: Could not find the 'commissioning_date' column of 'projects' in the schema cache
❌ Error inserting Generated Batch 53: Could not find the 'commissioning_date' column of 'projects' in the schema cache
❌ Error inserting Generated Batch 54: Could not find the 'commissioning_date' column of 'projects' in the schema cache
❌ Error inserting Generated Batch 55: Could not find the 'commissioning_date' column of 'projects' in the schema cache
❌ Error inserting Generated Batch 56: Could not find the 'commissioning_date' column of 'projects' in the schema cache
❌ Error inserting Generated Batch 57: Could not find the 'commissioning_date' column of 'projects' in the schema cache
❌ Error inserting Generated Batch 58: Could not find the 'commissioning_date' column of 'projects' in the schema cache
❌ Error inserting Generated Batch 59: Could not find the 'commissioning_date' column of 'projects' in the schema cache
❌ Error inserting Generated Batch 60: Could not find the 'commissioning_date' column of 'projects' in the schema cache
❌ Error inserting Generated Batch 61: Could not find the 'commissioning_date' column of 'projects' in the schema cache
❌ Error inserting Generated Batch 62: Could not find the 'commissioning_date' column of 'projects' in the schema cache
❌ Error inserting Generated Batch 63: Could not find the 'commissioning_date' column of 'projects' in the schema cache
❌ Error inserting Generated Batch 64: Could not find the 'commissioning_date' column of 'projects' in the schema cache
❌ Error inserting Generated Batch 65: Could not find the 'commissioning_date' column of 'projects' in the schema cache
❌ Error inserting Generated Batch 66: Could not find the 'commissioning_date' column of 'projects' in the schema cache
❌ Error inserting Generated Batch 67: Could not find the 'commissioning_date' column of 'projects' in the schema cache
❌ Error inserting Generated Batch 68: Could not find the 'commissioning_date' column of 'projects' in the schema cache
❌ Error inserting Generated Batch 69: Could not find the 'commissioning_date' column of 'projects' in the schema cache
❌ Error inserting Generated Batch 70: Could not find the 'commissioning_date' column of 'projects' in the schema cache
❌ Error inserting Generated Batch 71: Could not find the 'commissioning_date' column of 'projects' in the schema cache
❌ Error inserting Generated Batch 72: Could not find the 'commissioning_date' column of 'projects' in the schema cache
❌ Error inserting Generated Batch 73: Could not find the 'commissioning_date' column of 'projects' in the schema cache
❌ Error inserting Generated Batch 74: Could not find the 'commissioning_date' column of 'projects' in the schema cache
❌ Error inserting Generated Batch 75: Could not find the 'commissioning_date' column of 'projects' in the schema cache
❌ Error inserting Generated Batch 76: Could not find the 'commissioning_date' column of 'projects' in the schema cache
❌ Error inserting Generated Batch 77: Could not find the 'commissioning_date' column of 'projects' in the schema cache
❌ Error inserting Generated Batch 78: Could not find the 'commissioning_date' column of 'projects' in the schema cache
❌ Error inserting Generated Batch 79: Could not find the 'commissioning_date' column of 'projects' in the schema cache
❌ Error inserting Generated Batch 80: Could not find the 'commissioning_date' column of 'projects' in the schema cache
❌ Error inserting Generated Batch 81: Could not find the 'commissioning_date' column of 'projects' in the schema cache
❌ Error inserting Generated Batch 82: Could not find the 'commissioning_date' column of 'projects' in the schema cache
❌ Error inserting Generated Batch 83: Could not find the 'commissioning_date' column of 'projects' in the schema cache
❌ Error inserting Generated Batch 84: Could not find the 'commissioning_date' column of 'projects' in the schema cache
❌ Error inserting Generated Batch 85: Could not find the 'commissioning_date' column of 'projects' in the schema cache
❌ Error inserting Generated Batch 86: Could not find the 'commissioning_date' column of 'projects' in the schema cache
❌ Error inserting Generated Batch 87: Could not find the 'commissioning_date' column of 'projects' in the schema cache
❌ Error inserting Generated Batch 88: Could not find the 'commissioning_date' column of 'projects' in the schema cache
❌ Error inserting Generated Batch 89: Could not find the 'commissioning_date' column of 'projects' in the schema cache
❌ Error inserting Generated Batch 90: Could not find the 'commissioning_date' column of 'projects' in the schema cache
❌ Error inserting Generated Batch 91: Could not find the 'commissioning_date' column of 'projects' in the schema cache
❌ Error inserting Generated Batch 92: Could not find the 'commissioning_date' column of 'projects' in the schema cache
❌ Error inserting Generated Batch 93: Could not find the 'commissioning_date' column of 'projects' in the schema cache
❌ Error inserting Generated Batch 94: Could not find the 'commissioning_date' column of 'projects' in the schema cache
❌ Error inserting Generated Batch 95: Could not find the 'commissioning_date' column of 'projects' in the schema cache
❌ Error inserting Generated Batch 96: Could not find the 'commissioning_date' column of 'projects' in the schema cache
❌ Error inserting Generated Batch 97: Could not find the 'commissioning_date' column of 'projects' in the schema cache
❌ Error inserting Generated Batch 98: Could not find the 'commissioning_date' column of 'projects' in the schema cache
❌ Error inserting Generated Batch 99: Could not find the 'commissioning_date' column of 'projects' in the schema cache
❌ Error inserting Generated Batch 100: Could not find the 'commissioning_date' column of 'projects' in the schema cache
❌ Error inserting Generated Batch 101: Could not find the 'commissioning_date' column of 'projects' in the schema cache
❌ Error inserting Generated Batch 102: Could not find the 'commissioning_date' column of 'projects' in the schema cache
❌ Error inserting Generated Batch 103: Could not find the 'commissioning_date' column of 'projects' in the schema cache
❌ Error inserting Generated Batch 104: Could not find the 'commissioning_date' column of 'projects' in the schema cache
❌ Error inserting Generated Batch 105: Could not find the 'commissioning_date' column of 'projects' in the schema cache
❌ Error inserting Generated Batch 106: Could not find the 'commissioning_date' column of 'projects' in the schema cache
❌ Error inserting Generated Batch 107: Could not find the 'commissioning_date' column of 'projects' in the schema cache
❌ Error inserting Generated Batch 108: Could not find the 'commissioning_date' column of 'projects' in the schema cache
❌ Error inserting Generated Batch 109: Could not find the 'commissioning_date' column of 'projects' in the schema cache
❌ Error inserting Generated Batch 110: Could not find the 'commissioning_date' column of 'projects' in the schema cache
❌ Error inserting Generated Batch 111: Could not find the 'commissioning_date' column of 'projects' in the schema cache
❌ Error inserting Generated Batch 112: Could not find the 'commissioning_date' column of 'projects' in the schema cache
❌ Error inserting Generated Batch 113: Could not find the 'commissioning_date' column of 'projects' in the schema cache
❌ Error inserting Generated Batch 114: Could not find the 'commissioning_date' column of 'projects' in the schema cache
❌ Error inserting Generated Batch 115: Could not find the 'commissioning_date' column of 'projects' in the schema cache
❌ Error inserting Generated Batch 116: Could not find the 'commissioning_date' column of 'projects' in the schema cache
❌ Error inserting Generated Batch 117: Could not find the 'commissioning_date' column of 'projects' in the schema cache
❌ Error inserting Generated Batch 118: Could not find the 'commissioning_date' column of 'projects' in the schema cache
❌ Error inserting Generated Batch 119: Could not find the 'commissioning_date' column of 'projects' in the schema cache
❌ Error inserting Generated Batch 120: Could not find the 'commissioning_date' column of 'projects' in the schema cache
❌ Error inserting Generated Batch 121: Could not find the 'commissioning_date' column of 'projects' in the schema cache
❌ Error inserting Generated Batch 122: Could not find the 'commissioning_date' column of 'projects' in the schema cache
❌ Error inserting Generated Batch 123: Could not find the 'commissioning_date' column of 'projects' in the schema cache
❌ Error inserting Generated Batch 124: Could not find the 'commissioning_date' column of 'projects' in the schema cache
❌ Error inserting Generated Final Batch: Could not find the 'commissioning_date' column of 'projects' in the schema cache

==================================================
📊 MIGRATION COMPLETE!
==================================================
✅ FERC Queue:     11,547 projects
✅ USACE Dams:     5,000 projects
✅ Generated:      62,646 projects
✅ Total Imported: 0 projects
⚠️ Errors:        161
⏱️ Duration:      27 seconds

🎉 Your Terra Atlas database now has 79,193+ energy projects!

Next steps:
1. Start the platform: npm run dev
2. Visit http://localhost:3002
3. Projects are now visible on the globe!
